(FUN
A : t -> t -> t
L : t -> (t -> t) -> t
P : t -> (t -> t) -> t
B : t -> t -> (t -> t) -> t
!B : t
bool_and : t
bool_impl : t
bool_neg : t
bool_or : t
bool_xor : t
false : t
true : t
)
(VAR
X0 : t
X1 : t -> t
X2 : t
X1N0 : t
X2N0 : t
X3N0 : t
X4N0 : t
X7N0 : t
X8N0 : t
X9N0 : t
X10N0 : t
82 : t
83 : t
84 : t
85 : t
86 : t
87 : t
)
(RULES
A(L(X0,X1),X2) -> X1(X2),
B(X0,X2,X1) -> X1(X2),
A(A(bool_and,X1N0),false) -> false,
A(A(bool_and,X2N0),true) -> X2N0,
A(A(bool_and,false),X3N0) -> false,
A(A(bool_and,true),X4N0) -> X4N0,
bool_impl -> L(!B,\82.L(!B,\83.A(A(bool_or,83),A(bool_neg,82)))),
A(bool_neg,false) -> true,
A(bool_neg,true) -> false,
A(A(bool_or,X7N0),false) -> X7N0,
A(A(bool_or,X8N0),true) -> true,
A(A(bool_or,false),X9N0) -> X9N0,
A(A(bool_or,true),X10N0) -> true,
bool_xor -> L(!B,\84.L(!B,\85.B(!B,A(A(bool_and,84),A(bool_neg,85)),\86.B(!B,A(A(bool_and,85),A(bool_neg,84)),\87.A(A(bool_or,86),87)))))
)
