biggest = 1
<?xml version="1.0" encoding="UTF-8"?>
<?xml-stylesheet href="xtc2tpdb.xsl" type="text/xsl"?>
<problem xmlns:xsi="http://www.w3.org/2001/XMLSchema-instance" type="termination" xsi:noNamespaceSchemaLocation="http://dev.aspsimon.org/xtc.xsd">
  <trs>
    <rules>
      <rule>
        <lhs>
          <funapp><name>tests.OK.group.inv</name><arg><funapp><name>tests.OK.group.e</name></funapp></arg></funapp>
        </lhs>
        <rhs>
          <funapp><name>tests.OK.group.e</name></funapp>
        </rhs>
      </rule>
      <rule>
        <lhs>
          <funapp><name>tests.OK.group.inv</name><arg><funapp><name>tests.OK.group.inv</name><arg><var>2_0</var></arg></funapp></arg></funapp>
        </lhs>
        <rhs>
          <var>2_0</var>
        </rhs>
      </rule>
      <rule>
        <lhs>
          <funapp><name>tests.OK.group.inv</name><arg><funapp><name>tests.OK.group.⋅</name><arg><var>3_0</var></arg><arg><var>3_1</var></arg></funapp></arg></funapp>
        </lhs>
        <rhs>
          <funapp><name>tests.OK.group.⋅</name><arg><funapp><name>tests.OK.group.inv</name><arg><var>3_1</var></arg></funapp></arg><arg><funapp><name>tests.OK.group.inv</name><arg><var>3_0</var></arg></funapp></arg></funapp>
        </rhs>
      </rule>
      <rule>
        <lhs>
          <funapp><name>tests.OK.group.⋅</name><arg><funapp><name>tests.OK.group.⋅</name><arg><var>4_0</var></arg><arg><var>4_1</var></arg></funapp></arg><arg><var>4_2</var></arg></funapp>
        </lhs>
        <rhs>
          <funapp><name>tests.OK.group.⋅</name><arg><var>4_0</var></arg><arg><funapp><name>tests.OK.group.⋅</name><arg><var>4_1</var></arg><arg><var>4_2</var></arg></funapp></arg></funapp>
        </rhs>
      </rule>
      <rule>
        <lhs>
          <funapp><name>tests.OK.group.⋅</name><arg><funapp><name>tests.OK.group.e</name></funapp></arg><arg><var>5_0</var></arg></funapp>
        </lhs>
        <rhs>
          <var>5_0</var>
        </rhs>
      </rule>
      <rule>
        <lhs>
          <funapp><name>tests.OK.group.⋅</name><arg><var>6_0</var></arg><arg><funapp><name>tests.OK.group.e</name></funapp></arg></funapp>
        </lhs>
        <rhs>
          <var>6_0</var>
        </rhs>
      </rule>
      <rule>
        <lhs>
          <funapp><name>tests.OK.group.⋅</name><arg><funapp><name>tests.OK.group.inv</name><arg><var>7_0</var></arg></funapp></arg><arg><var>7_0</var></arg></funapp>
        </lhs>
        <rhs>
          <funapp><name>tests.OK.group.e</name></funapp>
        </rhs>
      </rule>
      <rule>
        <lhs>
          <funapp><name>tests.OK.group.⋅</name><arg><var>8_0</var></arg><arg><funapp><name>tests.OK.group.inv</name><arg><var>8_0</var></arg></funapp></arg></funapp>
        </lhs>
        <rhs>
          <funapp><name>tests.OK.group.e</name></funapp>
        </rhs>
      </rule>
      <rule>
        <lhs>
          <funapp><name>tests.OK.group.⋅</name><arg><funapp><name>tests.OK.group.inv</name><arg><var>9_0</var></arg></funapp></arg><arg><funapp><name>tests.OK.group.⋅</name><arg><var>9_0</var></arg><arg><var>9_1</var></arg></funapp></arg></funapp>
        </lhs>
        <rhs>
          <var>9_1</var>
        </rhs>
      </rule>
      <rule>
        <lhs>
          <funapp><name>tests.OK.group.⋅</name><arg><var>10_0</var></arg><arg><funapp><name>tests.OK.group.⋅</name><arg><funapp><name>tests.OK.group.inv</name><arg><var>10_0</var></arg></funapp></arg><arg><var>10_1</var></arg></funapp></arg></funapp>
        </lhs>
        <rhs>
          <var>10_1</var>
        </rhs>
      </rule>
    </rules>
    <higherOrderSignature>
      <variableTypeInfo>
        <varDeclaration>
          <var>$10_1</var>
          <type><basic>tests.OK.group.G</basic></type>
        </varDeclaration>
        <varDeclaration>
          <var>$10_0</var>
          <type><basic>tests.OK.group.G</basic></type>
        </varDeclaration>
        <varDeclaration>
          <var>$9_1</var>
          <type><basic>tests.OK.group.G</basic></type>
        </varDeclaration>
        <varDeclaration>
          <var>$9_0</var>
          <type><basic>tests.OK.group.G</basic></type>
        </varDeclaration>
        <varDeclaration>
          <var>$8_0</var>
          <type><basic>tests.OK.group.G</basic></type>
        </varDeclaration>
        <varDeclaration>
          <var>$7_0</var>
          <type><basic>tests.OK.group.G</basic></type>
        </varDeclaration>
        <varDeclaration>
          <var>$6_0</var>
          <type><basic>tests.OK.group.G</basic></type>
        </varDeclaration>
        <varDeclaration>
          <var>$5_0</var>
          <type><basic>tests.OK.group.G</basic></type>
        </varDeclaration>
        <varDeclaration>
          <var>$4_2</var>
          <type><basic>tests.OK.group.G</basic></type>
        </varDeclaration>
        <varDeclaration>
          <var>$4_1</var>
          <type><basic>tests.OK.group.G</basic></type>
        </varDeclaration>
        <varDeclaration>
          <var>$4_0</var>
          <type><basic>tests.OK.group.G</basic></type>
        </varDeclaration>
        <varDeclaration>
          <var>$3_1</var>
          <type><basic>tests.OK.group.G</basic></type>
        </varDeclaration>
        <varDeclaration>
          <var>$3_0</var>
          <type><basic>tests.OK.group.G</basic></type>
        </varDeclaration>
        <varDeclaration>
          <var>$2_0</var>
          <type><basic>tests.OK.group.G</basic></type>
        </varDeclaration>
      </variableTypeInfo>
      <functionSymbolTypeInfo>
        <funcDeclaration>
          <name>tests.OK.group.e</name>
          <typeDeclaration><type><basic>tests.OK.group.G</basic></type></typeDeclaration>
        </funcDeclaration>
        <funcDeclaration>
          <name>tests.OK.group.inv</name>
          <typeDeclaration><type><arrow><type><basic>tests.OK.group.G</basic></type><type><basic>tests.OK.group.G</basic></type></arrow></type></typeDeclaration>
        </funcDeclaration>
        <funcDeclaration>
          <name>tests.OK.group.⋅</name>
          <typeDeclaration><type><arrow><type><basic>tests.OK.group.G</basic></type><type><arrow><type><basic>tests.OK.group.G</basic></type><type><basic>tests.OK.group.G</basic></type></arrow></type></arrow></type></typeDeclaration>
        </funcDeclaration>
      </functionSymbolTypeInfo>
    </higherOrderSignature>
  </trs>
  <strategy>FULL</strategy>
  <metainformation>
    <originalfilename>tests.OK.group.lp</originalfilename>
  </metainformation>
</problem>
